+ python tools/calibration/memory_vs_drift.py --preset pt-v20 --seeds 20 --workers 20 --out /home/ec2-user/out/memory-vs-drift.json
pt-v20: 20 seeds x 2520 days x 40 names, detrend window 252, 20 workers
  ... 1/20
  ... 2/20
  ... 3/20
  ... 4/20
  ... 5/20
  ... 6/20
  ... 7/20
  ... 8/20
  ... 9/20
  ... 10/20
  ... 11/20
  ... 12/20
  ... 13/20
  ... 14/20
  ... 15/20
  ... 16/20
  ... 17/20
  ... 18/20
  ... 19/20
  ... 20/20

   lag   |r| acf raw    de-trended     kept
     1        0.1051        0.0653      62%
     5        0.0911        0.0448      49%
    20        0.0656        0.0146      22%
    60        0.0365       -0.0139     -38%
   120        0.0127       -0.0197    -155%

log-log slope, lags 1-20:  raw -0.176   de-trended -0.380   (real markets -0.436)

annualised volatility by year -- the drift, measured directly
  y1 20.0%  y2 19.5%  y3 20.5%  y4 19.6%  y5 20.0%  y6 21.2%  y7 19.9%  y8 20.3%  y9 18.9%  y10 18.6%
  year 1 20.05%  ->  year 10 18.61%   -7.2%

VERDICT
  DRIFT: lag-20 structure is mostly a level trend. The model has a volatility drift, which is a NEW defect rather than an excuse for the decay-shape gap.

wrote /home/ec2-user/out/memory-vs-drift.json

real	1m2.901s
user	19m12.994s
sys	0m50.598s
